err:Bad file descriptor err:Bad file descriptor err:Bad file descriptor err:Bad file descriptor -1 err:Bad file descriptor err:Bad file descriptor []
err:Invalid argument err:Invalid argument err:Invalid argument true
err:No such process tag1 pid-1 [hi] []
err:Bad file descriptor err:Bad file descriptor []
true err:Bad file descriptor [again]
wrote3 closed0 exited1 [abc] pid-1
[] [] [/bin/sh] [/bin/sh]
