# THE LAST ACCEPTED FOOTPRINT, written by `make footprint-accept`:
# <platform> <program> <stripped bytes> <code bytes> <toolchain>. No row, no cap.
linux-x86_64 data 35200 28703 cc: Ubuntu clang version 22.1.2 (1ubuntu1); link: Ubuntu clang version 22.1.2 (1ubuntu1)
linux-x86_64 hello 22848 11673 cc: Ubuntu clang version 22.1.2 (1ubuntu1); link: Ubuntu clang version 22.1.2 (1ubuntu1)
