# KNOWN idiom debt, one TAB-separated site per line: a rule's kind, its
# file, and its own source line trimmed. This file only ever SHRINKS —
# `avra check --baseline_accept` prunes what a fix made gone, and no
# path through it ADDS a line: a new site is fixed in the code, or a
# human adds the line here, reviewed at adoption and every time after
# (CLAUDE.md's baseline law). `avra check --baseline <this file>` gates.
closures.pronoun_lambda	packages/std-avrac/src/compiler/tests/hears/hears.av	"${f(21)} ${apply((x) -> x + 2, 40)} ${(shift(Mode.up))(9)} ${[1, 2, 3].map((x) -> x * 10)[2]} ${t} ${(fs[1])(5)} ${g(1)}"
closures.pronoun_lambda	packages/std-net/src/tests/net/net.av	.Ok(events.any((e) -> e.fd == fd && e.readable))
compiler.bracket_ritual	packages/std-avrac/src/compiler/lower/walk.av	self.gathers.push(into)
compiler.bracket_ritual	packages/std-avrac/src/compiler/resolve/resolve.av	self.floors.push(self.overlays.length)
compiler.bracket_ritual	packages/std-avrac/src/compiler/resolve/resolve.av	self.receivers.push(SelfSeat.Default)
compiler.bracket_ritual	packages/std-avrac/src/compiler/typing/typing.av	self.fn_ret.push(sig?.ret ?? self.error_type)
compiler.bracket_ritual	packages/std-avrac/src/compiler/typing/typing.av	self.fn_ret.push(want)
compiler.bracket_ritual	packages/std-avrac/src/compiler/typing/typing.av	self.gathers.push(Gathering { bars: self.lam_bar.length, values: [] })
compiler.bracket_ritual	packages/std-avrac/src/compiler/typing/typing.av	self.lam_bar.push(self.fn_ret.length)
compiler.bracket_ritual	packages/std-avrac/src/core/rebuild.av	self.holed.push(false)
compiler.bracket_ritual	packages/std-avrac/src/features/tasks/check.av	cx.task_bodies.push(body)
compiler.bracket_ritual	packages/std-grammar/src/first.av	self.visiting.push(name)
compiler.free_state_verb	packages/std-avrac/src/compiler/record.av	export fn bytes_key(ws: Workspace, store: Store, m: ModulePath) -> string {
compiler.free_state_verb	packages/std-avrac/src/compiler/record.av	export fn load_interface(ws: Workspace, store: Store, m: ModulePath, entry: string?, want: Want) {
compiler.free_state_verb	packages/std-avrac/src/compiler/record.av	fn shape_line(ws: Workspace, s: DeclSig, layout: string) -> string {
compiler.free_state_verb	packages/std-avrac/src/features/node_scaffold.av	fn build_expr_bool_lit(b: Builder) -> Result<LangNode, string> {
compiler.free_state_verb	packages/std-avrac/src/features/node_scaffold.av	fn build_expr_str_lit(b: Builder) -> Result<LangNode, string> {
compiler.interned_list	packages/std-avrac/src/features/lists/check.av	cx.view.types.intern(Type.List(if cx.accepts(elem, w) { w } else { ety }))
compiler.interned_opt	packages/std-avrac/src/features/lists/methods.av	cx.view.types.intern(Type.Opt(elem!))
compiler.interned_opt	packages/std-avrac/src/features/lists/methods.av	cx.view.types.intern(Type.Opt(seat.elem))
compiler.raw_mint_emit_const_int	packages/std-avrac/src/features/places.av	self.emit(Ins.ConstInt(idx, self.field_offset(self.type_at(subject), slot!)))
compiler.raw_rt_call	packages/std-avrac/src/compiler/soundness/tests/soundness_test.av	fn new_list(dst: Reg) -> Ins { Ins.CallRt(dst, "avra_array_new", []) }
compiler.seen_accumulator	packages/cli/src/commands/fmt.av	mut roots: List<string> = []
compiler.seen_accumulator	packages/std-avrac/src/compiler/derive.av	mut reads: List<string> = distinct(self.hold.read_with.get())
compiler.seen_accumulator	packages/std-avrac/src/compiler/host/host.av	mut out: List<string> = []
compiler.seen_accumulator	packages/std-avrac/src/compiler/interface.av	mut seen: List<string> = [path]
compiler.seen_accumulator	packages/std-avrac/src/compiler/modules.av	mut listed: List<string> = []
compiler.seen_accumulator	packages/std-avrac/src/compiler/record.av	mut seen: List<string> = [m.text()]
compiler.seen_accumulator	packages/std-avrac/src/features/coherence.av	mut seen: List<string> = []
compiler.seen_accumulator	packages/std-avrac/src/features/enums/check.av	mut covered: List<string> = []
compiler.seen_accumulator	packages/std-avrac/src/features/namespace.av	mut taken: List<string> = []
compiler.seen_accumulator	packages/std-toml/src/toml.av	mut out: List<string> = []
compiler.str_grown_quadratically	packages/std-process/src/process.av	self.err = self.err + (t.err.bytes().text() ?? "")
compiler.str_grown_quadratically	packages/std-process/src/process.av	self.out = self.out + (t.out.bytes().text() ?? "")
enums.bool_variant_match	packages/std-derive/src/derive.av	if v.payload.is_empty() { return quote { .${v} -> match other { .${v} -> true, _ -> false } } }
fns.dead_parameter	packages/std-avrac/src/features/collects/tests/collect_self_file/collect_self_file.av	fn tag(what: Named, label: string) {}
fns.dead_parameter	packages/std-avrac/src/features/defers/tests/direct_shapes/direct_shapes.av	fn gen<T>(x: T, n: int) {
fns.dead_parameter	packages/std-avrac/src/features/defers/tests/direct_shapes/direct_shapes.av	fn id_of(i: Id) {
fns.dead_parameter	packages/std-avrac/src/features/tests/mod_test.av	fn build_b(b: Builder) -> Result<LangNode, string> {
fns.dead_parameter	packages/std-avrac/src/grammar/lexer.av	fn line_boundary(tokens: List<Token>, j: int) -> bool {
fns.dead_parameter	packages/std-grammar/src/collected.av	export fn grammar_rule(f: Fn, text: string) {}
fns.dead_parameter	packages/std-http/src/tests/http_route/http_route.av	fn serve_root(q: Request<Unrouted>) -> Response { text(200, "root") }
fns.dead_parameter	packages/std-sqlite/src/tests/sqlite-refusals/sqlite-refusals.av	fn closed_word(rc: int) -> string { "" }
if_expr.when_ladder	packages/std-avrac/src/grammar/tests/layout/layout.av	if n > 90 {
let_stmt.unmutated_mut	packages/std-avrac/src/features/components/tests/components/components.av	mut b = P { x: 0 }
let_stmt.unmutated_mut	packages/std-avrac/src/features/fns/tests/fn_seats/fn_seats.av	mut c = [7]
let_stmt.unmutated_mut	packages/std-avrac/src/features/impls/tests/trait_defaults/trait_defaults.av	mut c = P { x: 1 }
let_stmt.unmutated_mut	packages/std-avrac/src/features/mutation/tests/mut/mut.av	mut last = steps + 1
let_stmt.unmutated_mut	packages/std-db/src/tests/db_adversarial_test.av	mut db = Db.memory()?
let_stmt.unmutated_mut	packages/std-db/src/tests/db_collision_test.av	mut db = Db.memory()?
let_stmt.unmutated_mut	packages/std-db/src/tests/db_test.av	mut db = Db.memory()?
lists.bool_comprehension_range	packages/std-http/src/route.av	[covers_seg(x[j], y[j]) for j in 0..n].all(it)
lists.bool_comprehension_range	packages/std-http/src/tests/frame_test.av	[split_agrees(b, i, whole) for i in 1..b.length].all(it)
loops.push_loop	packages/std-avrac/src/features/structs/tests/named_managed/named_managed.av	for v in wide { bag.push(v) }
loops.push_loop	packages/std-text/src/tests/text/text.av	for w in ["one", " ", "two", " ", "three"] { t.push(w) }
nullable.nullable_flag_local	packages/std-avrac/src/compiler/backend/interp.av	mut answer: Val? = null
nullable.nullable_flag_local	packages/std-avrac/src/compiler/idioms.av	mut best: string? = null
nullable.nullable_flag_local	packages/std-avrac/src/compiler/packages.av	mut best: int? = null
nullable.nullable_flag_local	packages/std-avrac/src/core/text.av	mut best: Closest? = null
nullable.nullable_flag_local	packages/std-avrac/src/features/decls_mint.av	mut best: DeclId? = null
nullable.nullable_flag_local	packages/std-avrac/src/features/fns/tests/generics/generics.av	mut held: T? = null
nullable.nullable_flag_local	packages/std-avrac/src/features/nullable/tests/mut_nullable/mut_nullable.av	mut best: int? = null
nullable.nullable_flag_local	packages/std-avrac/src/features/nullable/tests/mut_nullable/mut_nullable.av	mut latch: bool? = null
nullable.nullable_flag_local	packages/std-avrac/src/features/results/lower.av	mut answer: Reg? = null
nullable.nullable_flag_local	packages/std-grammar/src/builders.av	mut rec: Recover? = null
nullable.nullable_flag_local	packages/std-grammar/src/executor.av	mut farthest: FarthestFailure? = null
nullable.nullable_flag_local	packages/std-grammar/src/executor.av	mut fb_diags: List<Diagnostic>? = null
nullable.nullable_flag_local	packages/std-grammar/src/lexing.av	mut best: RuleHit? = null
nullable.nullable_flag_local	packages/std-grammar/src/lexing.av	mut best: int? = null
nullable.nullable_flag_local	packages/std-http/src/tests/client_adversarial_test.av	mut a: Answer? = null
nullable.nullable_flag_local	packages/std-process/src/process.av	mut failure: ProcessError? = null
nullable.nullable_flag_local	packages/std-process/src/process.av	mut winner: Outcome? = null
nullable.nullable_flag_local	packages/std-sqlite/src/open.av	mut handle: ptr? = null
nullable.nullable_flag_local	packages/std-sqlite/src/stmt.av	mut handle: ptr? = null
nullable.nullable_flag_local	packages/std-sqlite/src/stmt.av	mut tail: ptr? = null
nullable.nullable_flag_local	packages/std-sqlite/src/tests/sqlite_handle_adversarial_test.av	mut handle: ptr? = null
nullable.nullable_flag_local	packages/std-toml/src/toml.av	mut bad: int? = null
nullable.repeated_unwrap	packages/std-net/src/tests/net/net.av	let server = l.try_accept()?
nullable.repeated_unwrap	packages/std-net/src/tests/net_sizes/net_sizes.av	let server = l.try_accept()?
compiler.one_body_arms	packages/std-sql/src/resolve.av	match e {
lists.bool_comprehension_range	packages/std-avrac/src/features/formats/format.av	[name_part(s.char_code(i)) for i in 0..s.length].all(it)
fns.dead_parameter	packages/std-avrac/src/compiler/references.av	fn method_ref(
compiler.refusal_assembled	packages/std-avrac/src/compiler/resolve/walk.av	pointed(
fns.dead_parameter	packages/std-avrac/src/features/tests/node_grammar_test.av	fn never_built(name: string, args: List<Captured<Token, string>>, loc: Loc?) -> Result<
fns.dead_parameter	packages/std-avrac/src/grammar/tests/compose_test.av	fn name_build(name: string, args: List<Captured<Token, string>>, loc: Loc?) -> Result<
fns.dead_parameter	packages/std-avrac/src/grammar/tests/executor_test.av	fn sx_build(name: string, args: List<Captured<Token, string>>, loc: Loc?) -> Result<
fns.dead_parameter	packages/std-avrac/src/grammar/tests/executor_test.av	fn sp_build(name: string, args: List<Captured<Token, string>>, loc: Loc?) -> Result<
fns.dead_parameter	packages/std-avrac/src/features/collects/tests/collect_order_ties/collect_order_ties.av	fn tag(what: Named, label: string) {}
compiler.raw_rt_call_void	packages/std-avrac/src/compiler/tests/settle_test.av	let world_ins: List<Ins> = if speaks { [Ins.CallRtVoid("avra_io_write", [])] } else { [] }
