# KNOWN idiom debt, one site per line. This file only ever
# SHRINKS: no tool path adds to it. A finding is fixed in the
# code, or annotated `// LICENSED I<n>: reason` at the site —
# a `native:` finding honours a license under its PREDECESSOR
# code too (NATIVE_PREDECESSOR, tools/idioms.py), so a site a
# human already reviewed under the retired regex is not
# re-litigated the day the rule that replaced it starts
# enforcing on its own. What sits below has no license under
# either code: a `native:` site is either a RULE MATCHING
# ITS OWN QUOTE PATTERN (compiler/idioms.av's declarations —
# a structural artifact, since a pattern necessarily spells
# the shape it detects) or genuinely unreviewed debt.
# `make idioms-accept` prunes what is gone. Burn it down.
native:style.bool_comprehension	packages/std-avrac/src/compiler/backend/interp_bytes.av	[data[at + k] == needle[k] for k in 0..needle.length].all(it)#0
native:style.bool_comprehension	packages/std-avrac/src/compiler/backend/interp_bytes.av	a.length == b.length && [a[i] == b[i] for i in 0..a.length].all(it)#0
native:style.bool_comprehension	packages/std-avrac/src/compiler/backend/interp_bytes.av	first >= first_lo(xs[i]) && first <= first_hi(xs[i]) && [xs[i + k + 1] >= 128 && xs[i + k + 1] <= 191 for k in 1..need].all(it)#0
native:style.bool_comprehension	packages/std-avrac/src/compiler/backend/interp_bytes.av	verdict(hi - lo == needle.length && [same_byte(data[lo + k], needle[k], folded) for k in 0..needle.length].all(it))#0
native:style.bool_comprehension	packages/std-avrac/src/features/formats/format.av	!s.is_empty() && name_start(s.char_code(0)) && [name_part(s.char_code(i)) for i in 0..s.length].all(it)#0
native:style.bool_comprehension	packages/std-http/src/route.av	[covers_seg(x[j], y[j]) for j in 0..n].all(it)#0
native:style.bool_comprehension	packages/std-http/src/tests/frame_test.av	[split_agrees(b, i, whole) for i in 1..b.length].all(it)#0
native:style.bracket_ritual	packages/std-avrac/src/compiler/backend/interp.av	self.frames.push(self.frame_for(b, args))#0
native:style.bracket_ritual	packages/std-avrac/src/compiler/resolve/resolve.av	self.receivers.push(SelfSeat.Default)#0
native:style.bracket_ritual	packages/std-avrac/src/compiler/resolve/resolve.av	self.receivers.push(if self.view.store.is_static(s) { SelfSeat.Static } else { SelfSeat.Receiver })#0
native:style.bracket_ritual	packages/std-avrac/src/core/rebuild.av	self.holed.push(false)#0
native:style.bracket_ritual	packages/std-avrac/src/core/rebuild.av	self.holed.push(false)#1
native:style.bracket_ritual	packages/std-avrac/src/core/rebuild.av	self.holed.push(false)#2
native:style.bracket_ritual	packages/std-avrac/src/features/tasks/check.av	cx.task_bodies.push(body)#0
native:style.emit_then_error	packages/std-avrac/src/compiler/idioms.av	${cx}.emit(${d})#0
native:style.interned_by_hand	packages/std-avrac/src/compiler/typing/declare.av	let fix_opt = self.view.types.intern(Type.Opt(self.view.decls.self_type_of(fix)))#0
native:style.interned_by_hand	packages/std-avrac/src/features/lists/check.av	cx.view.types.intern(Type.List(if cx.accepts(elem, w) { w } else { ety }))#0
native:style.interned_by_hand	packages/std-avrac/src/features/lists/methods.av	cx.view.types.intern(Type.Opt(elem!))#0
native:style.interned_by_hand	packages/std-avrac/src/features/lists/methods.av	cx.view.types.intern(Type.Opt(seat.elem))#0
native:style.nullable_flag_local	packages/std-avrac/src/compiler/backend/interp.av	mut answer: Val? = null#0
native:style.nullable_flag_local	packages/std-avrac/src/compiler/idioms.av	mut best: string? = null#0
native:style.nullable_flag_local	packages/std-avrac/src/compiler/packages.av	mut best: int? = null#0
native:style.nullable_flag_local	packages/std-avrac/src/core/store.av	mut best: StmtId? = null#0
native:style.nullable_flag_local	packages/std-avrac/src/core/text.av	mut best: Closest? = null#0
native:style.nullable_flag_local	packages/std-avrac/src/features/decls_mint.av	mut best: DeclId? = null#0
native:style.nullable_flag_local	packages/std-avrac/src/features/results/lower.av	mut answer: Reg? = null#0
native:style.nullable_flag_local	packages/std-avrac/src/grammar/builders.av	mut rec: Recover? = null#0
native:style.nullable_flag_local	packages/std-avrac/src/grammar/executor.av	mut farthest: FarthestFailure? = null#0
native:style.nullable_flag_local	packages/std-avrac/src/grammar/executor.av	mut farthest: FarthestFailure? = null#1
native:style.nullable_flag_local	packages/std-avrac/src/grammar/executor.av	mut farthest: FarthestFailure? = null#2
native:style.nullable_flag_local	packages/std-avrac/src/grammar/executor.av	mut fb_diags: List<Diagnostic>? = null#0
native:style.nullable_flag_local	packages/std-http/src/client.av	mut got: Answer? = null#0
native:style.nullable_flag_local	packages/std-http/src/tests/client_adversarial_test.av	mut a: Answer? = null // LICENSED I4: reads until the reply is whole — a wait, not a scan#0
native:style.nullable_flag_local	packages/std-process/src/process.av	mut failure: ProcessError? = null#0
native:style.nullable_flag_local	packages/std-process/src/process.av	mut winner: Outcome? = null#0
native:style.nullable_flag_local	packages/std-sqlite/src/open.av	mut handle: ptr? = null // LICENSED I4: an out-parameter cell C fills#0
native:style.nullable_flag_local	packages/std-sqlite/src/stmt.av	mut handle: ptr? = null // LICENSED I4: an out-parameter cell C fills#0
native:style.nullable_flag_local	packages/std-sqlite/src/stmt.av	mut tail: ptr? = null // LICENSED I4: an out-parameter cell C fills#0
native:style.nullable_flag_local	packages/std-sqlite/src/tests/sqlite_handle_adversarial_test.av	mut handle: ptr? = null // LICENSED I4: an out-parameter cell C fills#0
native:style.nullable_flag_local	packages/std-toml/src/toml.av	mut bad: int? = null#0
native:style.quadratic_growth	packages/std-process/src/process.av	self.err = self.err + (t.err.bytes().text() ?? "")#0
native:style.quadratic_growth	packages/std-process/src/process.av	self.out = self.out + (t.out.bytes().text() ?? "")#0
native:style.seen_accumulator	packages/cli/src/commands/fmt.av	mut roots: List<string> = []#0
native:style.seen_accumulator	packages/std-avrac/src/compiler/host/host.av	mut out: List<string> = []#0
native:style.seen_accumulator	packages/std-avrac/src/compiler/modules.av	mut listed: List<string> = []#0
native:style.seen_accumulator	packages/std-avrac/src/features/enums/check.av	mut covered: List<string> = []#0
native:style.seen_accumulator	packages/std-avrac/src/features/namespace.av	mut taken: List<string> = []#0
native:style.seen_accumulator	packages/std-toml/src/toml.av	mut out: List<string> = []#0
native:rule.enums.bool_variant_match	packages/std-avrac/src/features/enums/idioms.av	quote { match ${e} { .${v} -> true, _ -> false } } -> quote { ${e} is .${v} },#0
native:rule.enums.bool_variant_match_negated	packages/std-avrac/src/features/enums/idioms.av	quote { match ${e} { .${v} -> false, _ -> true } } -> quote { !(${e} is .${v}) },#0
native:rule.if_expr.when_ladder	packages/std-avrac/src/features/if_expr/idioms.av	quote { if ${c} { ${a} } else if ${c2} { ${b} } else { ${z} } } -> quote { when { ${c} -> ${a}, ${c2} -> ${b}, _ -> ${z} } },#0
native:rule.enums.bool_variant_match	packages/std-derive/src/derive.av	if v.payload.is_empty() { return quote { .${v} -> match other { .${v} -> true, _ -> false } } }#0
native:rule.loops.push_loop	packages/std-avrac/src/grammar/lexer.av	for at in self.pending_ats { self.remarks.push(Remark { trivia: Trivia.Comment(comment_line(self.src, self.n, at)), at: at }) }#0
native:rule.loops.push_loop	packages/std-avrac/src/grammar/lexer.av	for fr in self.frames {#0
