# WORLD READS OUTSIDE THE INPUT DOOR, one TAB-separated site per line: the
# subsystem it is counted under, its file, and its own source line
# trimmed. This file only ever SHRINKS — `make inputs-accept` prunes what
# a move through the door made gone, and no path through it ADDS a line:
# a new read goes through the door, or is licensed at its site.
behind-host	packages/std-avrac/src/compiler/build.av	for name in ws.host.list(stores_dir(ws)) {
behind-host	packages/std-avrac/src/compiler/build.av	let lines = [line for line in if ws.host.exists(roll) { ws.host.read(roll) } else { "" }.split("\n") if !line.is_empty()]
behind-host	packages/std-avrac/src/compiler/build.av	let lines = [line for line in if ws.host.exists(roll) { ws.host.read(roll) } else { "" }.split("\n") if !line.is_empty()]
behind-host	packages/std-avrac/src/compiler/build.av	let names = ws.host.list(users)
build	packages/std-avrac/src/compiler/build.av	avra_pid_alive(pid) == 1
build	packages/std-avrac/src/compiler/build.av	if !named.contains(name) && !live { let _ = avra_spawn_status("rm", ["-rf", dir]) }
build	packages/std-avrac/src/compiler/build.av	if !wasm_opt_tries(staged, shrunk).any((words) -> avra_spawn_status(tools.wasm_opt, words) == 0) {
build	packages/std-avrac/src/compiler/build.av	if avra_spawn_status("mv", ["-f", staged, to]) == 0 { return true }
build	packages/std-avrac/src/compiler/build.av	let _ = avra_spawn_status("chmod", ["+x", staged])
build	packages/std-avrac/src/compiler/build.av	let _ = ws.host.write(joined_path(joined_path(root, ".users"), "${avra_own_pid()}"), "")
build	packages/std-avrac/src/compiler/build.av	let code = avra_spawn_status(
build	packages/std-avrac/src/compiler/build.av	match read_bytes(at) {
build	packages/std-avrac/src/compiler/db.av	digest_of(read_text(path) catch "")
build	packages/std-avrac/src/compiler/db.av	flatten([av_files_at(dir, f) for f in list_dir(dir) catch []])
build	packages/std-avrac/src/compiler/db.av	is_dir(full) -> av_files(full)
build	packages/std-avrac/src/compiler/db.av	let dir = if is_dir(joined_path(root, "src")) { joined_path(root, "src") } else { root }
cli-plumbing	packages/cli/src/commands/shared.av	(at_the_terminal(cmd(tool(binary)?, [])).outcome()?).exit
cli-plumbing	packages/cli/src/commands/shared.av	.Ok(o) -> is_absolute(o.out.stdout.trim()) && exists(o.out.stdout.trim()),
cli-plumbing	packages/cli/src/commands/shared.av	.find(exists(it))
cli-plumbing	packages/cli/src/commands/shared.av	[normalized(joined_path(avra_self_dir(), r)) for r in rels]
cli-plumbing	packages/cli/src/commands/shared.av	if !exists(wasm_runtime_library()) { return .Err(unequipped(no_wasm_runtime(wasm_runtime_library()))) }
cli-plumbing	packages/cli/src/commands/shared.av	if exists(at) { at } else { joined_path("build", "wasm32/libavra_runtime.a") }
cli-plumbing	packages/cli/src/commands/shared.av	let _ = avra_exec_self(stage_words(binaries))
cli-plumbing	packages/cli/src/commands/shared.av	match at_the_terminal(cmd(node, ["--no-warnings", runner, wasm])).outcome() {
cli-plumbing	packages/cli/src/commands/shared.av	match cmd(clang, ["--target=${triple}", "-print-file-name=crt1.o"]).outcome() {
cli-plumbing	packages/cli/src/commands/shared.av	toolchain_files(["libavra_runtime.a", "../lib/avra/libavra_runtime.a"]).find(exists(it)) ?? "build/libavra_runtime.a"
commands	packages/cli/src/commands/dev.av	.Files -> hosted(args, path, directory("/", fresh_files(path)), () -> false, untended),
commands	packages/cli/src/commands/dev.av	.Settled(_) -> (read_text(path) catch "") == a,
commands	packages/cli/src/commands/dev.av	.concat(directory("/", fresh_files(self.glue)))
commands	packages/cli/src/commands/dev.av	let o = match asked.outcome() {
commands	packages/cli/src/commands/dev.av	let ran = match cmd(opener, [url]).outcome() {
commands	packages/cli/src/commands/dev.av	match read_text(joined_path(self.glue, "page.html")) {
commands	packages/cli/src/commands/dev.av	match stamp(path) {
commands	packages/cli/src/commands/dev.av	match watch() {
commands	packages/cli/src/commands/refuses.av	let o = (cmd(tool(program)?, args) with { timeout: secs(30) }).outcome()?
commands	packages/cli/src/main.av	exit(Exit.Code(light_phase(argv()) ?? avra.run()))
commands	packages/cli/src/stage.av	(cmd(tool(binary)?, []) with { env: soundness_env("AVRA_RC_GUARD") }).outcome()
commands	packages/cli/src/stage.av	env("AVRA_SOUNDNESS") != null
commands	packages/cli/src/stage.av	let out = (cmd(tool(binary)?, []) with { env: soundness_env("AVRA_MEM_STATS") }).outcome()?
commands	packages/cli/src/stage.av	minimal().with_var(flag, "1")
compiler	packages/std-avrac/src/testing/mod.av	const errors_real: string = embed("@std/errors/src/errors.av")
compiler	packages/std-avrac/src/testing/mod.av	const meta_real: string = embed("@std/meta/src/meta.av")
compiler	packages/std-avrac/src/testing/mod.av	const prelude_real: string = embed("@std/prelude/src/prelude.av")
not-input	packages/cli/src/commands/dev.av	let began = now_ms()
not-input	packages/cli/src/commands/dev.av	println(build_line(now, now_ms() - began))
not-input	packages/cli/src/commands/fmt.av	Phase { name: "digest", ns: now_ns() - t1 },
not-input	packages/cli/src/commands/fmt.av	let compare = Phase { name: "compare", ns: now_ns() - t2 }
not-input	packages/cli/src/commands/fmt.av	let source_ns = now_ns() - t0
not-input	packages/cli/src/commands/fmt.av	let store_ns = now_ns() - t0
not-input	packages/cli/src/commands/fmt.av	let t0 = now_ns()
not-input	packages/cli/src/commands/fmt.av	let t0 = now_ns()
not-input	packages/cli/src/commands/fmt.av	let t1 = now_ns()
not-input	packages/cli/src/commands/fmt.av	let t2 = now_ns()
not-input	packages/cli/src/commands/fmt.av	let t3 = now_ns()
not-input	packages/cli/src/commands/fmt.av	phases: base.concat([compare, Phase { name: "digest", ns: now_ns() - t3 }]),
not-input	packages/cli/src/commands/phase.av	if timed(args) { eprintln(timings(p, phase, now_ns() - t0)) }
not-input	packages/cli/src/commands/phase.av	let t0 = now_ns()
not-input	packages/cli/src/commands/shared.av	let ws = timed_workspace(disk_host(), root, avra(), () -> now_ns())
not-input	packages/cli/src/commands/shared.av	programs_workspace(disk_host(), root, avra(), () -> now_ns())
not-input	packages/cli/src/commands/shared.av	timed_workspace(disk_host(), root, avra(), () -> now_ns())
not-input	packages/std-avrac/src/compiler/backend/interp.av	.FdRead -> Val.I(avra_fd_read(self.whole(vals[0]), self.whole(vals[1]))),
not-input	packages/std-avrac/src/compiler/backend/interp.av	.HostEnv -> Val.S(avra_host_env(self.text_val(vals[0]))),
not-input	packages/std-avrac/src/compiler/backend/interp.av	.NowNs -> Val.I(avra_now_ns()),
not-input	packages/std-avrac/src/compiler/backend/interp.av	Val.I(avra_exec_self(words))
not-input	packages/std-avrac/src/compiler/backend/interp.av	Val.I(avra_io_list(path))
not-input	packages/std-avrac/src/compiler/backend/interp.av	Val.I(avra_spawn_in(dir, prog, words))
not-input	packages/std-avrac/src/compiler/backend/interp.av	Val.I(avra_spawn_status(prog, words))
not-input	packages/std-avrac/src/compiler/backend/interp.av	avra_ffi_open("${stem}.so")
not-input	packages/std-avrac/src/compiler/backend/interp.av	let mach_o = avra_ffi_open("${stem}.dylib")
not-input	packages/std-avrac/src/compiler/build.av	"unnamed-${now_ns()}-${next_serial()}"
not-input	packages/std-avrac/src/compiler/build.av	export fn staged_beside(binary: string) -> string { "${binary}.${now_ns()}-${next_serial()}.staged" }
not-input	packages/std-avrac/src/compiler/build.av	let bc = "${build_cache_root(self)}/${node_key(Stored.Obj, ["bc-scratch", "${now_ns()}"])}.bc"
not-input	packages/std-avrac/src/compiler/store/store.av	exists(self.path(family, key)) && exists(self.edge_path(family, key))
not-input	packages/std-avrac/src/compiler/store/store.av	if !exists(edge) { return true }
not-input	packages/std-avrac/src/compiler/store/store.av	let bytes = match read_bytes(from) { .Ok(b) -> b, .Err(why) -> { return false } }
not-input	packages/std-avrac/src/compiler/store/store.av	let bytes = match read_bytes(self.path(family, key)) {
not-input	packages/std-avrac/src/compiler/store/store.av	match read_text(self.path(family, key)) { .Ok(text) -> text, .Err(why) -> null }
