# land.sh's ratchet baseline: key=value, one line per key. A value
# here only ever moves toward improvement on its own; a regression is
# recorded only when the landing that caused it set that gate's own
# override env var with a reason (tools/land.sh names each). Never
# hand-edit a number past a landing's own recorded run.
warm_held_floor=719
