# THE LAST ACCEPTED WASM FOOTPRINT, in bytes and globals, for the floor (the
# minimal program, built in command mode) and the board (tools/ui-board, when
# it is present, built reactor). The receipt fails only past a GENEROUS
# relative cap (baseline + ~8% + 2 KB), so a legitimate change cannot trip it
# and a regression is visible long before it is fatal. Re-accept deliberately:
# `make wasm-size-accept`. WASM_SIZE_BASELINE names another file, for testing
# the failure itself.
floor_bytes 30326
floor_globals 1
board_bytes 99477
board_globals 431
